you
are
birthday
hello
up
no
but
it
is

i

your

alone
b
bee
be
back

me
are
my
be
be
me
got
my
you
are
heroes
special
i
mas
conquistarte


bu

my
