Welcome to Rock, Paper, Scissors, Lizard, Spock!

Please choose two players:
(1) StupidBot
(2) RandomBot
(3) IterativeBot
(4) LastPlayBot
(5) Human
Select player 1: Select player 2: IterativeBot vs. StupidBot

Round 1:
Player 1 chose Rock
Player 2 chose Rock
Rock equals Rock
Round was a tie

Round 2:
Player 1 chose Paper
Player 2 chose Rock
Paper covers Rock
Player 1 won the round

Round 3:
Player 1 chose Scissors
Player 2 chose Rock
Rock crushes Scissors
Player 2 won the round

Round 4:
Player 1 chose Lizard
Player 2 chose Rock
Rock crushes Lizard
Player 2 won the round

Round 5:
Player 1 chose Spock
Player 2 chose Rock
Spock vaporizes Rock
Player 1 won the round

Final score is 2 to 2
Game was a draw
