Welcome to Rock, Paper, Scissors, Lizard, Spock!

Please choose two players:
(1) StupidBot
(2) RandomBot
(3) IterativeBot
(4) LastPlayBot
(5) Human
Select player 1: Select player 2: IterativeBot vs. IterativeBot

Round 1:
Player 1 chose Rock
Player 2 chose Rock
Rock equals Rock
Round was a tie

Round 2:
Player 1 chose Paper
Player 2 chose Paper
Paper equals Paper
Round was a tie

Round 3:
Player 1 chose Scissors
Player 2 chose Scissors
Scissors equals Scissors
Round was a tie

Round 4:
Player 1 chose Lizard
Player 2 chose Lizard
Lizard equals Lizard
Round was a tie

Round 5:
Player 1 chose Spock
Player 2 chose Spock
Spock equals Spock
Round was a tie

Final score is 0 to 0
Game was a draw
