[Edward: Earl of Wessex, Charles: Prince of Wales, Anne: Princess Royal, Andrew: Duke of York]
