[Prince William: Duke of Cambridge, Prince Henry of Wales]
